################################################################
################################################################
################################################################
################################################################
################################################################
################################################################
################################################################
################################################################
################################################################
################################################################
##########################.   !    #############################
##########################. .      #############################
##########################... s    #############################
##########################         #############################
##########################        .#############################
##########################  ...    #############################
########################## ..      #############################
##########################         #############################
#############################   ################################
#############################   ################################
#############################   ################################
#############################   ################################
#############################   ################################
########################...     ################################
########################                         ###############
########################  *            W         ###############
########################.      .##############   ###############
########################      ..##############   ###############
##############################################   ###############
##############################################   ###############
##############################################   ###############
##############################################   ###############
##############################################   ###############
##########################################           ###########
##########################################   .      w###########
#############################                        ###########
#############################                      ' ###########
############################# W ##########           ###########
#############################   ##########      W    ###########
#############################   ################################
#############################   ################################
##########################         #############################
##########################         #############################
##########################  .      #############################
##########################         #############################
##########################    |    #############################
##########################         #############################
##########################        .#############################
##########################       . #############################
##########################    @  ..#############################
##########################         #############################
##########################         #############################
################################################################
################################################################
################################################################
################################################################
################################################################
################################################################
################################################################
################################################################
################################################################
################################################################
################################################################
################################################################